{"names":[{"submittedName":"Dionaea muscipula","acceptedName":"Dionaea muscipula","score":"1","matchedName":"Dionaea muscipula","annotations":{"Authority":"J. Ellis"},"uri":"http://www.tropicos.org/Name/11400032"},{"submittedName":"Wolffia angusta","acceptedName":"Wolffia angusta","score":"1","matchedName":"Wolffia angusta","annotations":{"Authority":"Landolt"},"uri":"http://www.tropicos.org/Name/18100099"},{"submittedName":"Lithops julii","acceptedName":"Lithops julii","score":"1","matchedName":"Lithops julii","annotations":{"Authority":"N.E. Br."},"uri":"http://www.tropicos.org/Name/702498"},{"submittedName":"Welwitschia mirabilis","acceptedName":"Welwitschia mirabilis","score":"1","matchedName":"Welwitschia mirabilis","annotations":{"Authority":"Hook. f."},"uri":"http://www.tropicos.org/Name/14300073"},{"submittedName":"Victoria amazonica","acceptedName":"Victoria amazonica","score":"1","matchedName":"Victoria amazonica","annotations":{"Authority":"(Poepp.) J.C. Sowerby"},"uri":"http://www.tropicos.org/Name/22600136"},{"submittedName":"Hydnora africana","acceptedName":"Hydnora africana","score":"1","matchedName":"Hydnora africana","annotations":{"Authority":"Thunb."},"uri":"http://www.tropicos.org/Name/15900001"},{"submittedName":"Nepenthes ephippiata","acceptedName":"Nepenthes","score":"0.5","matchedName":"Nepenthes","annotations":{"Authority":"L."},"uri":"http://www.tropicos.org/Name/40027421"},{"submittedName":"Dracunculus vulgaris","acceptedName":"Dracunculus vulgaris","score":"1","matchedName":"Dracunculus vulgaris","annotations":{"Authority":"Schott"},"uri":"http://www.tropicos.org/Name/2102704"},{"submittedName":"Rafflesia arnoldii","acceptedName":"","score":"1","matchedName":"Rafflesia arnoldii","annotations":{"Authority":""},"uri":""},{"submittedName":"Amorphophallus titanum","acceptedName":"Amorphophallus titanum","score":"1","matchedName":"Amorphophallus titanum","annotations":{"Authority":"(Becc.) Becc."},"uri":"http://www.tropicos.org/Name/50194814"},{"submittedName":"Iris confusa","acceptedName":"Iris confusa","score":"1","matchedName":"Iris confusa","annotations":{"Authority":"Sealy"},"uri":"http://www.tropicos.org/Name/16603646"},{"submittedName":"Iris cristata","acceptedName":"Iris cristata","score":"1","matchedName":"Iris cristata","annotations":{"Authority":"Sol. ex Aiton"},"uri":"http://www.tropicos.org/Name/16600509"},{"submittedName":"Iris gracilipes A.Gray","acceptedName":"Evansia gracilipes","score":"1","matchedName":"Iris gracilipes","annotations":{"Authority":"(A. Gray) Klatt"},"uri":"http://www.tropicos.org/Name/100191030"},{"submittedName":"Iris japonica Thunb.","acceptedName":"Iris japonica","score":"1","matchedName":"Iris japonica","annotations":{"Authority":"Thunb."},"uri":"http://www.tropicos.org/Name/16602433"},{"submittedName":"Iris lacustris ","acceptedName":"Iris lacustris","score":"1","matchedName":"Iris lacustris","annotations":{"Authority":"Nutt."},"uri":"http://www.tropicos.org/Name/16600524"},{"submittedName":"Iris milesii","acceptedName":"Iris milesii","score":"1","matchedName":"Iris milesii","annotations":{"Authority":"Baker ex Foster"},"uri":"http://www.tropicos.org/Name/16603653"},{"submittedName":"Iris milesii Foster","acceptedName":"Iris milesii","score":"0.9185","matchedName":"Iris milesii","annotations":{"Authority":"Baker ex Foster"},"uri":"http://www.tropicos.org/Name/16603653"},{"submittedName":"Iris tectorum Maxim.","acceptedName":"Iris tectorum","score":"1","matchedName":"Iris tectorum","annotations":{"Authority":"Maxim."},"uri":"http://www.tropicos.org/Name/16602388"},{"submittedName":"Iris tenuis S.Wats.","acceptedName":"Iris tenuis","score":"0.94268","matchedName":"Iris tenuis","annotations":{"Authority":"S. Watson"},"uri":"http://www.tropicos.org/Name/16600536"},{"submittedName":"Iris wattii Baker ex Hook.f.","acceptedName":"Iris wattii","score":"0.89744","matchedName":"Iris wattii","annotations":{"Authority":"Baker"},"uri":"http://www.tropicos.org/Name/16603647"},{"submittedName":"Iris xiphium var. lusitanica","acceptedName":"Iris xiphium var. lusitanica","score":"1","matchedName":"Iris xiphium var. lusitanica","annotations":{"Authority":"(Ker Gawl.) Franco"},"uri":"http://www.tropicos.org/Name/50192409"},{"submittedName":"Iris boissieri Henriq","acceptedName":"Xiphion boissieri","score":"0.95372","matchedName":"Iris boissieri","annotations":{"Authority":"(Henriq.) Rodion."},"uri":"http://www.tropicos.org/Name/100278146"},{"submittedName":"Iris filifolia Boiss.","acceptedName":"Xiphion filifolium","score":"1","matchedName":"Iris filifolia","annotations":{"Authority":"(Boiss.) Klatt"},"uri":"http://www.tropicos.org/Name/100278151"},{"submittedName":"Iris juncea Poir.","acceptedName":"Xiphion junceum","score":"1","matchedName":"Iris juncea","annotations":{"Authority":"(Poir.) Parl."},"uri":"http://www.tropicos.org/Name/100278163"},{"submittedName":"Iris latifolia","acceptedName":"Iris latifolia","score":"1","matchedName":"Iris latifolia","annotations":{"Authority":"(Mill.) Voss"},"uri":"http://www.tropicos.org/Name/100206541"},{"submittedName":"Iris serotina Willk. in Willk. & Lange","acceptedName":"Xiphion serotinum","score":"0.88578","matchedName":"Iris serotina","annotations":{"Authority":"(Willk.) Soj√°k"},"uri":"http://www.tropicos.org/Name/100278181"},{"submittedName":"Iris tingitana Boiss. & Reut.","acceptedName":"Xiphion tingitanum","score":"1","matchedName":"Iris tingitana","annotations":{"Authority":"(Boiss. & Reut.) Baker"},"uri":"http://www.tropicos.org/Name/100278189"},{"submittedName":"Iris xiphium syn. Iris x hollandica","acceptedName":"Iris xiphium","score":"0.9","matchedName":"Iris xiphium","annotations":{"Authority":"L."},"uri":"http://www.tropicos.org/Name/16600269"},{"submittedName":"Iris collettii Hook.","acceptedName":"Iris collettii","score":"0.96156","matchedName":"Iris collettii","annotations":{"Authority":"Hook. f."},"uri":"http://www.tropicos.org/Name/16603636"},{"submittedName":"Iris decora Wall.","acceptedName":"Iris decora","score":"1","matchedName":"Iris decora","annotations":{"Authority":"Wall."},"uri":"http://www.tropicos.org/Name/16600222"},{"submittedName":"","acceptedName":"","score":"","matchedName":"","annotations":{"Authority":""},"uri":""}],"status":"200","errorMessage":""}